// Jest Snapshot v1, https://goo.gl/fbAQLP

exports[`renderer should render preview 1`] = `
<div>
  <div
    data-preview="name"
  >
    <Preview
      code="<button>OK</button>"
      evalInContext={[Function]}
    />
  </div>
  <Group
    separator=" "
  >
    <div>
      <_class
        href="#!/name/0"
      >
        <MdFullscreen />
      </_class>
    </div>
    <div>
      <button
        onClick={[Function]}
        type="button"
      >
        Show
         code
        <MdArrowDropDown />
      </button>
    </div>
  </Group>
</div>
`;

exports[`should render component renderer 1`] = `
<_class
  code="<button>OK</button>"
  evalInContext={[Function]}
  index={0}
  name="name"
  onChange={[Function]}
  onCodeToggle={[Function]}
  showCode={false}
/>
`;
