// Jest Snapshot v1, https://goo.gl/fbAQLP

exports[`renderer should render 1`] = `
<div>
  <span
    class="base-0-0"
  >
    <em
      class="em-0-16"
    >
      Deprecated
    </em>
    : Test 
    <em
      class="em-0-16"
    >
      description
    </em>
  </span>
</div>
`;
